Diff.Approve was not invoked directly from the test method.