{
  "Artists": [
    "Drake",
    "Future"
  ],
  "Length": 64,
  "Name": "What a time to be alive",
  "RelaseDate": "2015-09-05 12:00:00.000 AM"
}