If you see this it was reported directory from the test method.